----------------------------------------
Matrix A
      2.90
     -2.47
     -6.18
----------------------------------------
Matrix B
     -1.43
     -0.36
     -7.59
----------------------------------------
Result A += B:
Matrix A:
      1.47
     -2.83
    -13.77
----------------------------------------
