----------------------------------------
Matrix A:
      2.56     -1.37      9.68
     -4.16     -9.69     -6.66
----------------------------------------
Matrix B:
     -7.88     -6.04     -3.21
     -2.55     -0.21      9.03
----------------------------------------
Result A + B:
     -5.32     -7.41      6.47
     -6.71     -9.90      2.37
----------------------------------------
