----------------------------------------
Matrix A:
      9.66      4.02      0.78
     -3.97      3.33      3.96
----------------------------------------
Matrix B:
      3.33      9.98      1.22     -6.19
     -6.44     -6.58      7.64     -2.62
     -7.44     -9.35      3.38     -0.79
----------------------------------------
Result C = A * B:
Matrix C:
      0.48     62.66     45.13    -70.94
    -64.13    -98.56     33.98     12.72
----------------------------------------
