----------------------------------------
Matrix A:
      2.30     -0.40     -2.70     -1.00
     -0.10      4.60     -0.10     -1.30
      0.80      0.50      1.20      4.90
     -2.60      0.20      1.80     -4.60
----------------------------------------
Matrix B:
      3.90     -2.40      2.20      2.80
      4.10     -1.60     -3.90      2.20
      3.00      1.80      1.50      4.00
     -4.00     -3.60     -0.10      3.90
----------------------------------------
Result A - B:
     -1.60      2.00     -4.90     -3.80
     -4.20      6.20      3.80     -3.50
     -2.20     -1.30     -0.30      0.90
      1.40      3.80      1.90     -8.50
----------------------------------------
