----------------------------------------
Matrix A:
      4.45      0.37
     -7.00      9.46
      3.19      2.98
----------------------------------------
Matrix B:
      6.01      6.51
     -0.92     -8.33
     -1.35     -7.34
----------------------------------------
Result A -= B:
Matrix A:
     -1.56     -6.14
     -6.08     17.79
      4.54     10.32
----------------------------------------
